// Jest Snapshot v1, https://goo.gl/fbAQLP

exports[`renders homepage unchanged 1`] = `
<div>
  <main
    class="main"
  >
    <div
      class="col-left"
    >
      <div
        class="sticky"
      >
        <header
          class="header"
        >
          <div
            class="title"
          >
            <h1>
              <a
                href="/"
              >
                <svg
                  aria-hidden="true"
                  class="header-icon"
                  data-icon="map"
                  focusable="false"
                  height="128"
                  role="img"
                  viewBox="0 0 128 128"
                  width="128"
                  xmlns="http://www.w3.org/2000/svg"
                >
                  <path
                    d="M5.5 0C2.367 0 0 2.367 0 5.5v117c0 3.133 2.367 5.5 5.5 5.5h117c3.133 0 5.5-2.367 5.5-5.5V5.5c0-3.133-2.367-5.5-5.5-5.5H5.5zM8 8h112v112H8V8zm35.188 2l15 15-9.594 9.594a2 2 0 1 0 2.813 2.813L61 27.813 101.19 68l-50.032 50h5.688l47.156-47.187 14 14v-5.625L106.814 68l11.188-11.188v-5.625l-14 14L63.814 25l15-15H73.19L61 22.186 48.814 10h-5.625zM48 52c-8.8 0-16 7.2-16 16 0 12 16 32 16 32s16-20 16-32c0-8.8-7.2-16-16-16zm0 8c4.4 0 8 3.6 8 8s-3.6 8-8 8-8-3.6-8-8 3.6-8 8-8z"
                  />
                </svg>
                <div>
                  MapQuest
                   Static Map Maker
                </div>
              </a>
            </h1>
          </div>
        </header>
        <div
          class="controls"
        >
          <div
            class="container"
          >
            <div
              class="error fieldset-row"
            >
              <label
                class="label"
                for="api"
              >
                API Key
              </label>
              <input
                id="api"
                placeholder="API Key (required)"
                type="text"
                value=""
              />
            </div>
            <div
              class="fieldset-row"
            >
              <label
                class="label"
                for="location"
              >
                Location
              </label>
              <input
                id="location"
                type="text"
                value="Albany, NY"
              />
            </div>
            <div
              class="fieldset-row"
            >
              <label
                class="label"
                for="zoom"
              >
                Zoom
              </label>
              <input
                id="zoom"
                max="20"
                min="0"
                type="range"
                value="13"
              />
            </div>
            <div
              class="fieldset"
            >
              <div
                class="fieldset-side"
              >
                <button
                  class="btn"
                >
                  <svg
                    aria-hidden="true"
                    class="feather"
                    fill="none"
                    focusable="false"
                    height="24"
                    role="img"
                    stroke="currentColor"
                    stroke-linecap="round"
                    stroke-linejoin="round"
                    stroke-width="2"
                    viewBox="0 0 24 24"
                    width="24"
                    xmlns="http://www.w3.org/2000/svg"
                  >
                    <line
                      x1="12"
                      x2="12"
                      y1="5"
                      y2="19"
                    />
                    <line
                      x1="5"
                      x2="19"
                      y1="12"
                      y2="12"
                    />
                  </svg>
                   Add route
                </button>
              </div>
            </div>
            <div
              class="fieldset-side"
            >
              <button
                class="btn"
              >
                <svg
                  aria-hidden="true"
                  class="feather"
                  fill="none"
                  focusable="false"
                  height="24"
                  role="img"
                  stroke="currentColor"
                  stroke-linecap="round"
                  stroke-linejoin="round"
                  stroke-width="2"
                  viewBox="0 0 24 24"
                  width="24"
                  xmlns="http://www.w3.org/2000/svg"
                >
                  <line
                    x1="12"
                    x2="12"
                    y1="5"
                    y2="19"
                  />
                  <line
                    x1="5"
                    x2="19"
                    y1="12"
                    y2="12"
                  />
                </svg>
                 Add a 
                marker
              </button>
            </div>
            <div
              class="fieldset-side fieldsetRow"
            >
              <div
                class="checkbox-fieldset"
              >
                <input
                  disabled=""
                  id="autofit"
                  type="checkbox"
                />
                <label
                  class="checkbox-label"
                  for="autofit"
                >
                  Fit markers to map
                </label>
              </div>
            </div>
            <div
              class="fieldset-row"
            >
              <label
                class="label"
                for="width"
              >
                Width
              </label>
              <input
                id="width"
                max="1920"
                min="0"
                type="number"
                value="600"
              />
            </div>
            <div
              class="fieldset-row"
            >
              <label
                class="label"
                for="height"
              >
                Height
              </label>
              <input
                id="height"
                max="1920"
                min="0"
                type="number"
                value="300"
              />
            </div>
            <div
              class="fieldset-side fieldsetRow"
            >
              <div
                class="checkbox-fieldset"
              >
                <input
                  checked=""
                  id="retina"
                  type="checkbox"
                />
                <label
                  class="checkbox-label"
                  for="retina"
                >
                  Retina
                </label>
              </div>
            </div>
            <div
              class="fieldset-row"
            >
              <label
                class="label"
                for="scalebar"
              >
                Scale bar
              </label>
              <select
                id="scalebar"
              >
                <option
                  value=""
                >
                  none
                </option>
                <option
                  value="top"
                >
                  at top
                </option>
                <option
                  value="bottom"
                >
                  at bottom
                </option>
              </select>
            </div>
            <div
              class="fieldset-row"
            >
              <label
                class="label"
                for="mapType"
              >
                Map type
              </label>
              <select
                id="mapType"
              >
                <option
                  value="map"
                >
                  map
                </option>
                <option
                  value="sat"
                >
                  satellite
                </option>
                <option
                  value="hyb"
                >
                  hybrid
                </option>
                <option
                  value="light"
                >
                  light
                </option>
                <option
                  value="dark"
                >
                  dark
                </option>
              </select>
            </div>
            <div
              class="fieldset-side fieldsetRow"
            >
              <div
                class="checkbox-fieldset"
              >
                <input
                  id="showTraffic"
                  type="checkbox"
                />
                <label
                  class="checkbox-label"
                  for="showTraffic"
                >
                  Show traffic
                </label>
              </div>
            </div>
          </div>
        </div>
        <div
          class="try-another"
        >
          <h2>
            Try another API
          </h2>
          <div
            class="try-another-btn-group"
          >
            <a
              class="btn"
              href="/bing"
            >
              <svg
                aria-hidden="true"
                class="feather"
                fill="none"
                focusable="false"
                height="24"
                role="img"
                stroke="currentColor"
                stroke-linecap="round"
                stroke-linejoin="round"
                stroke-width="2"
                viewBox="0 0 24 24"
                width="24"
                xmlns="http://www.w3.org/2000/svg"
              >
                <path
                  d="M21 10c0 7-9 13-9 13s-9-6-9-13a9 9 0 0 1 18 0z"
                />
                <circle
                  cx="12"
                  cy="10"
                  r="3"
                />
              </svg>
               
              Bing
            </a>
            <a
              class="btn"
              href="/google"
            >
              <svg
                aria-hidden="true"
                class="feather"
                fill="none"
                focusable="false"
                height="24"
                role="img"
                stroke="currentColor"
                stroke-linecap="round"
                stroke-linejoin="round"
                stroke-width="2"
                viewBox="0 0 24 24"
                width="24"
                xmlns="http://www.w3.org/2000/svg"
              >
                <path
                  d="M21 10c0 7-9 13-9 13s-9-6-9-13a9 9 0 0 1 18 0z"
                />
                <circle
                  cx="12"
                  cy="10"
                  r="3"
                />
              </svg>
               
              Google
            </a>
            <a
              class="btn"
              href="/google-street-view"
            >
              <svg
                aria-hidden="true"
                class="feather"
                fill="none"
                focusable="false"
                height="24"
                role="img"
                stroke="currentColor"
                stroke-linecap="round"
                stroke-linejoin="round"
                stroke-width="2"
                viewBox="0 0 24 24"
                width="24"
                xmlns="http://www.w3.org/2000/svg"
              >
                <path
                  d="M21 10c0 7-9 13-9 13s-9-6-9-13a9 9 0 0 1 18 0z"
                />
                <circle
                  cx="12"
                  cy="10"
                  r="3"
                />
              </svg>
               
              Google Street View
            </a>
            <a
              class="btn"
              href="/here"
            >
              <svg
                aria-hidden="true"
                class="feather"
                fill="none"
                focusable="false"
                height="24"
                role="img"
                stroke="currentColor"
                stroke-linecap="round"
                stroke-linejoin="round"
                stroke-width="2"
                viewBox="0 0 24 24"
                width="24"
                xmlns="http://www.w3.org/2000/svg"
              >
                <path
                  d="M21 10c0 7-9 13-9 13s-9-6-9-13a9 9 0 0 1 18 0z"
                />
                <circle
                  cx="12"
                  cy="10"
                  r="3"
                />
              </svg>
               
              HERE
            </a>
            <a
              class="btn"
              href="/mapbox"
            >
              <svg
                aria-hidden="true"
                class="feather"
                fill="none"
                focusable="false"
                height="24"
                role="img"
                stroke="currentColor"
                stroke-linecap="round"
                stroke-linejoin="round"
                stroke-width="2"
                viewBox="0 0 24 24"
                width="24"
                xmlns="http://www.w3.org/2000/svg"
              >
                <path
                  d="M21 10c0 7-9 13-9 13s-9-6-9-13a9 9 0 0 1 18 0z"
                />
                <circle
                  cx="12"
                  cy="10"
                  r="3"
                />
              </svg>
               
              Mapbox
            </a>
          </div>
        </div>
      </div>
    </div>
    <div
      class="col-right"
    >
      <div
        class="static"
      >
        <div
          class="static-wrapper api-required"
        >
          <img
            alt="MapQuest Map of Albany, NY"
            class="static-map"
            height="300"
            id="map"
            src="/img/mapquest-placeholder.png"
            width="600"
          />
        </div>
      </div>
      <div
        class="wrapper"
      >
        <div
          class="info"
        >
          <h2>
            Request
          </h2>
          <div
            class="code"
          >
            <pre>
              https://www.mapquestapi.com/staticmap/v5/map?center=Albany%2C+NY&zoom=13&size=600%2C300%402x&type=map&key=YOUR-API-KEY-HERE
            </pre>
          </div>
          Display the map as an image:
          <div
            class="code"
          >
            <pre>
              &lt;img width="
              600
              " src="
              https://www.mapquestapi.com/staticmap/v5/map?center=Albany%2C+NY&zoom=13&size=600%2C300%402x&type=map&key=YOUR-API-KEY-HERE
              " alt="
              MapQuest map of Albany, NY
              " /&gt;
            </pre>
          </div>
          Display the map as a CSS background image:
          <div
            class="code"
          >
            <pre>
              background-image: url(
              https://www.mapquestapi.com/staticmap/v5/map?center=Albany%2C+NY&zoom=13&size=600%2C300%402x&type=map&key=YOUR-API-KEY-HERE
              );
            </pre>
          </div>
          <h2>
            How to use
          </h2>
          <ol>
            <li>
              Get a 
              <a
                href="https://developer.mapquest.com/documentation/static-map-api/v5/"
              >
                MapQuest
                 API key
              </a>
              .
            </li>
            <li>
              Customize the fields to build your map.
            </li>
            <li>
              Copy and paste the generated code into your HTML document or a stylesheet.
            </li>
          </ol>
          <h2>
            About
          </h2>
          <p>
            You can add a static map to any website with simple HTML and no JavaScript. Using URL parameters, you can describe the type of map that you want and 
            MapQuest
             will send it back.
          </p>
          <p>
            The Static Map Maker helps you configure the 
            MapQuest
             API parameters.
          </p>
          <p>
            Check out 
            <a
              href="https://www.mapquestapi.com/staticmap/"
            >
              MapQuest
              's static maps API
            </a>
            .
          </p>
        </div>
      </div>
    </div>
  </main>
</div>
`;
